exports[`<AppMenu /> snapshot tests matches snapshot of when user is logged in 1`] = `
<div>
  <IconMenu
    anchorOrigin={
      Object {
        "horizontal": "right",
        "vertical": "top",
      }
    }
    animated={true}
    iconButtonElement={
      <div
        style={
          Object {
            "alignItems": "center",
            "display": "inline-flex",
          }
        }>
        <Avatar
          size={30}
          src="https://wallykazam.com/whozit" />
        <NavigationArrowDropDown
          color="white" />
      </div>
    }
    multiple={false}
    onItemTouchTap={[Function]}
    onKeyboardFocus={[Function]}
    onMouseDown={[Function]}
    onMouseEnter={[Function]}
    onMouseLeave={[Function]}
    onMouseUp={[Function]}
    onRequestChange={[Function]}
    onTouchTap={[Function]}
    open={false}
    style={
      Object {
        "cursor": "pointer",
      }
    }
    targetOrigin={
      Object {
        "horizontal": "right",
        "vertical": "top",
      }
    }
    touchTapCloseDelay={200}
    useLayerForClickAway={true}>
    <SnippetList
      onClick={[Function]}
      primaryText="My Snippets"
      snippetOwner="username"
      snippetsList={Object {}} />
    <OrgSnippetsMenu
      onClick={[Function]}
      orgSnippets={Object {}} />
    <MenuItem
      anchorOrigin={
        Object {
          "horizontal": "right",
          "vertical": "top",
        }
      }
      checked={false}
      desktop={false}
      disabled={false}
      focusState="none"
      insetChildren={false}
      onClick={[Function]}
      primaryText="Sign out" />
  </IconMenu>
</div>
`;

exports[`<AppMenu /> snapshot tests matches snapshot of when user is not logged in 1`] = `
<div>
  <IconMenu
    anchorOrigin={
      Object {
        "horizontal": "right",
        "vertical": "top",
      }
    }
    animated={true}
    iconButtonElement={
      <div
        style={
          Object {
            "alignItems": "center",
            "display": "inline-flex",
          }
        }>
        <Avatar
          size={30}
          src="https://wallykazam.com/whozit" />
        <NavigationArrowDropDown
          color="white" />
      </div>
    }
    multiple={false}
    onItemTouchTap={[Function]}
    onKeyboardFocus={[Function]}
    onMouseDown={[Function]}
    onMouseEnter={[Function]}
    onMouseLeave={[Function]}
    onMouseUp={[Function]}
    onRequestChange={[Function]}
    onTouchTap={[Function]}
    open={false}
    style={
      Object {
        "cursor": "pointer",
      }
    }
    targetOrigin={
      Object {
        "horizontal": "right",
        "vertical": "top",
      }
    }
    touchTapCloseDelay={200}
    useLayerForClickAway={true}>
    <SnippetList
      onClick={[Function]}
      primaryText="My Snippets"
      snippetOwner="username"
      snippetsList={Object {}} />
    <OrgSnippetsMenu
      onClick={[Function]}
      orgSnippets={Object {}} />
    <MenuItem
      anchorOrigin={
        Object {
          "horizontal": "right",
          "vertical": "top",
        }
      }
      checked={false}
      desktop={false}
      disabled={false}
      focusState="none"
      insetChildren={false}
      onClick={[Function]}
      primaryText="Sign out" />
  </IconMenu>
</div>
`;
