exports[`<AuthorAvatarIcon /> snapshots matches snapshot when avatar url is provided 1`] = `
<div
  data-for="author-avatar"
  data-tip={true}
  style={
    Object {
      "flexBasis": "auto",
      "margin": "3px 3px 3px 20px",
      "paddingTop": "10px",
      "verticalAlign": "bottom",
    }
  }>
  <Avatar
    size={20}
    src="https://avatars2.githubusercontent.com/u/0?v=3" />
  <ReactTooltip
    effect="solid"
    id="avatar"
    insecure={true}
    place="bottom"
    resizeHide={true}
    wrapper="div">
    author
  </ReactTooltip>
</div>
`;

exports[`<AuthorAvatarIcon /> snapshots matches snapshot when no avatar url is provided 1`] = `null`;
