exports[`<Auth /> matches snapshot 1`] = `
<Loading
  text="Logging in..." />
`;
