exports[`<CodesplainAppBar /> matches snapshot 1`] = `
<AppBar
  onTitleTouchTap={[Function]}
  showMenuIconButton={false}
  style={
    Object {
      "cursor": "pointer",
    }
  }
  title="Codesplain"
  zDepth={1} />
`;
