exports[`<Editor /> matches snapshot 1`] = `
<CodeMirror
  onChange={[Function]}
  options={
    Object {
      "cursorBlinkRate": 500,
      "gutters": Array [
        "annotations",
        "CodeMirror-linenumbers",
      ],
      "lineNumbers": true,
      "lineWrapping": true,
      "mode": "python",
      "readOnly": false,
      "theme": "codesplain",
    }
  }
  preserveScrollPosition={false}
  value="" />
`;
