exports[`<GistsMenu /> snapshot tests matches when gists are passed 1`] = `
<MenuItem
  anchorOrigin={
    Object {
      "horizontal": "right",
      "vertical": "top",
    }
  }
  checked={false}
  desktop={false}
  disabled={false}
  focusState="none"
  insetChildren={false}
  menuItems={
    Array [
      <MenuItem
        anchorOrigin={
            Object {
                "horizontal": "right",
                "vertical": "top",
              }
        }
        checked={false}
        desktop={false}
        disabled={false}
        focusState="none"
        insetChildren={false}
        onTouchTap={[Function]}
        primaryText="phonixpersonanatomy.py" />,
    ]
  }
  onTouchTap={[Function]}
  primaryText="Import Gist"
  rightIcon={<NavigationArrowDropRight />} />
`;

exports[`<GistsMenu /> snapshot tests matches when no snippets are passed 1`] = `
<MenuItem
  anchorOrigin={
    Object {
      "horizontal": "right",
      "vertical": "top",
    }
  }
  checked={false}
  desktop={false}
  disabled={true}
  focusState="none"
  insetChildren={false}
  menuItems={null}
  onTouchTap={[Function]}
  primaryText="Import Gist"
  rightIcon={<NavigationArrowDropRight />} />
`;
