exports[`<ReferenceArea /> matches snapshot 1`] = `
<div
  style={
    Object {
      "alignItems": "center",
      "display": "inline-flex",
      "flexFlow": "row nowrap",
      "justifyContent": "flex-end",
      "padding": "0.7rem",
    }
  }>
  <a
    href="https://maryvilledevcenter.com/"
    rel="noopener noreferrer"
    target="_blank">
    <img
      alt="Maryville DevCenter Logo"
      src="mt.png"
      width={80} />
  </a>
  <div
    style={
      Object {
        "display": "inline-block",
        "font": "12pt Lato, sans-serif",
      }
    }>
    <div
      style={
        Object {
          "display": "block",
          "textAlign": "center",
        }
      }>
      <a
        href="https://www.twitter.com/MaryvilleDev"
        rel="noopener noreferrer"
        style={
          Object {
            "color": "#666666",
            "padding": "4px",
          }
        }
        target="_blank">
        <img
          alt="Twitter Icon"
          src="twitter.png"
          width={30} />
      </a>
      <a
        href="https://github.com/maryvilledev"
        rel="noopener noreferrer"
        style={
          Object {
            "color": "#666666",
            "padding": "4px",
          }
        }
        target="_blank">
        <img
          alt="Github Icon"
          src="github-icon-blue.png"
          width={30} />
      </a>
    </div>
    <a
      href="mailto:support@codesplain.io"
      rel="noopener noreferrer"
      style={
        Object {
          "color": "#666666",
          "padding": "4px",
        }
      }
      target="_blank">
      Contact Us
    </a>
  </div>
</div>
`;
