exports[`<ResetFiltersButton /> matches snapshot 1`] = `
<RaisedButton
  disabled={false}
  fullWidth={true}
  label="Reset"
  labelPosition="after"
  labelStyle={
    Object {
      "fontSize": "12px",
    }
  }
  onTouchTap={[Function]}
  primary={false}
  secondary={true} />
`;
