exports[`<RulesSelector /> matches snapshot 1`] = `
<div>
  <Subheader
    inset={false}
    style={
      Object {
        "lineHeight": 1,
        "padding": 0,
      }
    }>
    Select a token type to highlight all occurences
  </Subheader>
  <div>
    <RuleLabel
      count={1}
      isActive={false}
      onClick={[Function]}
      rule="For Loops" />
    <RuleLabel
      count={21}
      isActive={true}
      onClick={[Function]}
      rule="Atoms" />
  </div>
</div>
`;
