exports[`<SaveButton /> matches snapshot 1`] = `
<div>
  <IconButton
    disableTouchRipple={false}
    disabled={false}
    iconStyle={Object {}}
    onTouchTap={[Function]}
    tooltip="Save snippet"
    tooltipPosition="bottom-center"
    touch={false}>
    <ContentSave />
  </IconButton>
  <Snackbar
    autoHideDuration={2000}
    message=""
    onRequestClose={[Function]}
    open={false} />
</div>
`;
