exports[`Reducer: notifications:  initialState matches snapshot 1`] = `
Object {
  "displaying": false,
  "notifications": Array [],
}
`;
