exports[`util: requests normalizeState returns an object with correct keys for a serialized state 1`] = `
Object {
  "AST": Object {},
  "annotations": Object {},
  "filters": Object {},
  "readOnly": false,
  "snippet": "",
  "snippetLanguage": "python3",
  "snippetTitle": "",
}
`;
